python : Traceback (most recent call last):
所在位置 行:1 字符: 35
+ cd d:\trae-bz\TraeProjects\8216 ; python test_codec.py 2>&1 | 
tee tes ...
+                                   ~~~~~~~~~~~~~~~~~~~~~~~~~
    + CategoryInfo          : NotSpecified: (Traceback (most re 
   cent call last)::String) [], RemoteException
    + FullyQualifiedErrorId : NativeCommandError
 
  File "D:\trae-bz\TraeProjects\8216\test_codec.py", line 1246, 
in main
    results.append((name, fn()))
                          ~~^^
  File "D:\trae-bz\TraeProjects\8216\test_codec.py", line 1181, 
in test_cli_batch_with_corrupt_files
    rc = cli_main(["convert", in_dir, out_dir, "--to", "png",
                   "--png-color", "rgba", "--verify", "--quiet"]
)
  File "D:\trae-bz\TraeProjects\8216\cli.py", line 599, in main
    return cmd_convert(args)
  File "D:\trae-bz\TraeProjects\8216\cli.py", line 301, in cmd_c
onvert
    out_fmt = (args.to or '').lower()
               ^^^^^^^
AttributeError: 'Namespace' object has no attribute 'to'

#################################################################
#          IMAGE CODEC — EXTENDED TEST SUITE                 #
#################################################################

=================================================================
TEST 1: BMP Native Roundtrip — odd widths, 1/4/8/24/32 bpp
=================================================================
  [PASS] 1x1 1bpp                 : size=   66B, row=4B, pad=3B
  [PASS] 3x5 1bpp odd-w           : size=   82B, row=4B, pad=3B
  [PASS] 5x7 1bpp odd-w           : size=   90B, row=4B, pad=3B
  [PASS] 7x3 1bpp odd-w           : size=   74B, row=4B, pad=3B
  [PASS] 1x1 4bpp                 : size=  122B, row=4B, pad=3B
  [PASS] 3x5 4bpp odd-w           : size=  138B, row=4B, pad=2B
  [PASS] 5x7 4bpp odd-w           : size=  146B, row=4B, pad=1B
  [PASS] 9x11 4bpp odd-w          : size=  206B, row=8B, pad=3B
  [PASS] 1x1 8bpp                 : size= 1082B, row=4B, pad=3B
  [PASS] 3x5 8bpp                 : size= 1098B, row=4B, pad=1B
  [PASS] 7x9 8bpp odd-w           : size= 1150B, row=8B, pad=1B
  [PASS] 11x13 8bpp odd-w         : size= 1234B, row=12B, pad=1B
  [PASS] 1x1 24bpp                : size=   58B, row=4B, pad=1B
  [PASS] 3x5 24bpp non-aligned    : size=  114B, row=12B, pad=3B
  [PASS] 7x9 24bpp non-aligned    : size=  270B, row=24B, pad=3B
  [PASS] 1x1 32bpp                : size=   58B, row=4B, pad=0B
  [PASS] 5x7 32bpp                : size=  194B, row=20B, pad=0B

=================================================================
TEST 2: Image API BMP — palette strategies (error/quantize/auto)
=================================================================

  --- Fits-within palette (should be exact/error both OK) ---
    [PASS] fits-8-colors -> BMP 4bpp strategy=error: 0 diffs (exact)
    [PASS] fits-8-colors -> BMP 8bpp strategy=error: 0 diffs (exact)

  --- Too many colors (strategy=error MUST throw) ---
    [PASS] BMP 1bpp (2 colors) strategy=error -> PaletteError OK (need 81, cap 2)
    [PASS] BMP 4bpp (16 colors) strategy=error -> PaletteError OK (need 81, cap 16)

  --- Too many colors (strategy=quantize MUST NOT throw, is lossy) ---
    [PASS] BMP 1bpp strategy=quantize -> LOSSY: 243 diffs, max=130, qi.lossy=True, orig=81->pal=2
    [PASS] BMP 4bpp strategy=quantize -> LOSSY: 223 diffs, max=45, qi.lossy=True, orig=81->pal=16
    [PASS] BMP 8bpp strategy=quantize -> EXACT: 0 diffs, max=0, qi.lossy=False, orig=81->pal=81

  --- Odd-width non-4-aligned via Image API ---
    [PASS] 1x5 BMP 24bpp: 74B, 0 diffs
    [PASS] 1x5 BMP 32bpp: 74B, 0 diffs
    [PASS] 3x5 BMP 24bpp: 114B, 0 diffs
    [PASS] 3x5 BMP 32bpp: 114B, 0 diffs
    [PASS] 5x5 BMP 24bpp: 134B, 0 diffs
    [PASS] 5x5 BMP 32bpp: 154B, 0 diffs
    [PASS] 7x5 BMP 24bpp: 174B, 0 diffs
    [PASS] 7x5 BMP 32bpp: 194B, 0 diffs
    [PASS] 9x5 BMP 24bpp: 194B, 0 diffs
    [PASS] 9x5 BMP 32bpp: 234B, 0 diffs

=================================================================
TEST 3: PNG Roundtrip — odd widths, all filters, multi-IDAT
=================================================================

  --- RGBA odd-width images (all filters, LOSSLESS expected) ---
    [PASS] 1x7 RGBA + None    :    97B, 0 diffs
    [PASS] 1x7 RGBA + Sub     :   101B, 0 diffs
    [PASS] 1x7 RGBA + Up      :    84B, 0 diffs
    [PASS] 1x7 RGBA + Average :   100B, 0 diffs
    [PASS] 1x7 RGBA + Paeth   :    84B, 0 diffs
    [PASS] 3x7 RGBA + None    :   143B, 0 diffs
    [PASS] 3x7 RGBA + Sub     :   124B, 0 diffs
    [PASS] 3x7 RGBA + Up      :   116B, 0 diffs
    [PASS] 3x7 RGBA + Average :   137B, 0 diffs
    [PASS] 3x7 RGBA + Paeth   :   110B, 0 diffs
    [PASS] 5x7 RGBA + None    :   178B, 0 diffs
    [PASS] 5x7 RGBA + Sub     :   146B, 0 diffs
    [PASS] 5x7 RGBA + Up      :   145B, 0 diffs
    [PASS] 5x7 RGBA + Average :   164B, 0 diffs
    [PASS] 5x7 RGBA + Paeth   :   124B, 0 diffs
    [PASS] 7x7 RGBA + None    :   201B, 0 diffs
    [PASS] 7x7 RGBA + Sub     :   162B, 0 diffs
    [PASS] 7x7 RGBA + Up      :   160B, 0 diffs
    [PASS] 7x7 RGBA + Average :   164B, 0 diffs
    [PASS] 7x7 RGBA + Paeth   :   139B, 0 diffs
    [PASS] 11x7 RGBA + None    :   314B, 0 diffs
    [PASS] 11x7 RGBA + Sub     :   153B, 0 diffs
    [PASS] 11x7 RGBA + Up      :   164B, 0 diffs
    [PASS] 11x7 RGBA + Average :   185B, 0 diffs
    [PASS] 11x7 RGBA + Paeth   :   132B, 0 diffs

  --- Multi-IDAT write + read (idat_split=7 / idat_split=100) ---
    [PASS] idat_split=    7:   401B, IDAT chunks=19, 0 diffs
    [PASS] idat_split=  100:   197B, IDAT chunks=2, 0 diffs
    [PASS] idat_split= 1024:   185B, IDAT chunks=1, 0 diffs

  --- Indexed PNG (1/4/8 bit) odd-width, odd-height ---
    [PASS] Indexed 1bit 7x5:    93B, 105 diffs (lossy)
    [PASS] Indexed 4bit 7x5:   151B, 0 diffs (exact)
    [PASS] Indexed 8bit 7x5:   877B, 0 diffs (exact)

  --- Transparent RGBA PNG (alpha preserved lossless) ---
    [PASS] RGBA+alpha + None    :   644B, 0 alpha-aware diffs
    [PASS] RGBA+alpha + Sub     :   135B, 0 alpha-aware diffs
    [PASS] RGBA+alpha + Up      :   147B, 0 alpha-aware diffs
    [PASS] RGBA+alpha + Average :   218B, 0 alpha-aware diffs
    [PASS] RGBA+alpha + Paeth   :   100B, 0 alpha-aware diffs

=================================================================
TEST 4: PNG Robustness — malformed files -> user_message()
=================================================================

  [Bad signature]
    [PASS] strict_crc=True -> PNGError(SIGNATURE)
           user_message OK (5 lines, starts: [PNG Error] SIGNATURE: Invalid PNG signature - file is not a...)
    [PASS] Image.from_png -> PNGError(SIGNATURE)

  [Truncated file]
    [PASS] strict_crc=True -> PNGError(TRUNCATED)
           user_message OK (5 lines, starts: [PNG Error] TRUNCATED: Chunk at 33 declares 57 bytes but onl...)
    [PASS] Image.from_png -> PNGError(TRUNCATED)

  [Missing IEND]
    [PASS] strict_crc=True -> PNGError(MISSING_CHUNK)
           user_message OK (5 lines, starts: [PNG Error] MISSING_CHUNK: No IEND chunk found - file appear...)
    [PASS] Image.from_png -> PNGError(MISSING_CHUNK)

  [Corrupted IHDR CRC]
    [PASS] strict_crc=True -> PNGError(CRC)
           user_message OK (5 lines, starts: [PNG Error] CRC: CRC mismatch for chunk #0 'IHDR'...)
    [PASS] Image.from_png -> PNGError(CRC)

  [Invalid filter byte (7)]
    [PASS] strict_crc=True -> PNGError(FILTER)
           user_message OK (5 lines, starts: [PNG Error] FILTER: Invalid filter type 7 at row 1. Allowed:...)
    [PASS] Image.from_png -> PNGError(FILTER)

  [Indexed (type=3) without PLTE]
    [PASS] strict_crc=True -> PNGError(INDEXED_NO_PALETTE)
           user_message OK (4 lines, starts: [PNG Error] INDEXED_NO_PALETTE: Color type 3 (Indexed) requi...)
    [PASS] Image.from_png -> PNGError(INDEXED_NO_PALETTE)

  [Corrupt CRC with strict_crc=False]
    [PASS] strict_crc=False: decoded OK (ignored bad CRC)

=================================================================
TEST 6: BMP Robustness — malformed files
=================================================================
    [PASS] Bad signature -> BMPError(SIGNATURE)
           user_message OK (4 lines)
    [PASS] Truncated to 10 bytes -> BMPError(TRUNCATED)
           user_message OK (5 lines)
    [PASS] Truncated in pixel area -> BMPError(TRUNCATED)
           user_message OK (5 lines)

=================================================================
TEST 5: Cross-format conversion — BMP <-> PNG lossy/lossless
=================================================================

  --- Image: truecolor-random-9x7 (9x7, unique_rgb=63) ---
    [PASS] BMP24 -> PNG(RGB,Paeth) -> PNG(decode)
           LOSSLESS: 0/189 (0.000%), max_diff=0
           sizes: mid=250B, final=264B
    [PASS] PNG(RGBA,Paeth) -> BMP32 -> BMP32(decode)
           LOSSLESS: 0/252 (0.000%), max_diff=0
           sizes: mid=327B, final=306B
    [PASS] PNG(RGB) -> BMP8(quantize) -> decode
           LOSSLESS: 0/189 (0.000%), max_diff=0
           sizes: mid=264B, final=1162B
    [PASS] BMP8(fewcolors, exact) -> PNG(Indexed, Paeth)
           LOSSLESS: 0/189 (0.000%), max_diff=0
           sizes: mid=1162B, final=918B

  --- Image: rgba-transparent-12x8 (12x8, unique_rgb=96) ---
    [PASS] BMP24 -> PNG(RGB,Paeth) -> PNG(decode)
           LOSSLESS: 0/288 (0.000%), max_diff=0
           sizes: mid=342B, final=84B
    [PASS] PNG(RGBA,Paeth) -> BMP32 -> BMP32(decode)
           LOSSLESS: 0/384 (0.000%), max_diff=0
           sizes: mid=97B, final=438B
    [PASS] PNG(RGB) -> BMP8(quantize) -> decode
           LOSSLESS: 0/288 (0.000%), max_diff=0
           sizes: mid=111B, final=1174B
    [PASS] BMP8(fewcolors, exact) -> PNG(Indexed, Paeth)
           LOSSLESS: 0/288 (0.000%), max_diff=0
           sizes: mid=1174B, final=952B

  --- Image: gradient-odd-11x5 (11x5, unique_rgb=55) ---
    [PASS] BMP24 -> PNG(RGB,Paeth) -> PNG(decode)
           LOSSLESS: 0/165 (0.000%), max_diff=0
           sizes: mid=234B, final=112B
    [PASS] PNG(RGBA,Paeth) -> BMP32 -> BMP32(decode)
           LOSSLESS: 0/220 (0.000%), max_diff=0
           sizes: mid=115B, final=274B
    [PASS] PNG(RGB) -> BMP8(quantize) -> decode
           LOSSLESS: 0/165 (0.000%), max_diff=0
           sizes: mid=130B, final=1138B
    [PASS] BMP8(fewcolors, exact) -> PNG(Indexed, Paeth)
           LOSSLESS: 0/165 (0.000%), max_diff=0
           sizes: mid=1138B, final=908B

  --- Image: fewcolors-8-7x3 (7x3, unique_rgb=8) ---
    [PASS] BMP24 -> PNG(RGB,Paeth) -> PNG(decode)
           LOSSLESS: 0/63 (0.000%), max_diff=0
           sizes: mid=126B, final=130B
    [PASS] PNG(RGBA,Paeth) -> BMP32 -> BMP32(decode)
           LOSSLESS: 0/84 (0.000%), max_diff=0
           sizes: mid=142B, final=138B
    [PASS] PNG(RGB) -> BMP8(quantize) -> decode
           LOSSLESS: 0/63 (0.000%), max_diff=0
           sizes: mid=129B, final=1102B
    [PASS] BMP8(fewcolors, exact) -> PNG(Indexed, Paeth)
           LOSSLESS: 0/63 (0.000%), max_diff=0
           sizes: mid=1102B, final=870B

  --- Image: 1x1-single (1x1, unique_rgb=1) ---
    [PASS] BMP24 -> PNG(RGB,Paeth) -> PNG(decode)
           LOSSLESS: 0/3 (0.000%), max_diff=0
           sizes: mid=58B, final=69B
    [PASS] PNG(RGBA,Paeth) -> BMP32 -> BMP32(decode)
           LOSSLESS: 0/4 (0.000%), max_diff=0
           sizes: mid=70B, final=58B
    [PASS] PNG(RGB) -> BMP8(quantize) -> decode
           LOSSLESS: 0/3 (0.000%), max_diff=0
           sizes: mid=69B, final=1082B
    [PASS] BMP8(fewcolors, exact) -> PNG(Indexed, Paeth)
           LOSSLESS: 0/3 (0.000%), max_diff=0
           sizes: mid=1082B, final=847B

=================================================================
TEST 7: CLI smoke test (encode -> inspect -> convert)
=================================================================

--- Encoding 9x7 'gradient' -> C:\Users\ADMINI~1\AppData\Local\Temp\imcodec_test_chcxzxr_\in.png (PNG) ---
  Written 119 bytes
    [PASS] encode -> C:\Users\ADMINI~1\AppData\Local\Temp\imcodec_test_chcxzxr_\in.png (119B)

=== Inspection: C:\Users\ADMINI~1\AppData\Local\Temp\imcodec_test_chcxzxr_\in.png ===
  File size : 119 bytes
  Format    : PNG

--- PNG Details ---
  Dimensions: 9 x 7
  Bit depth : 8
  Color type: 6 (RGBA)
  Channels  : 4
  IDAT chunks: 1
  Compressed  : 62 bytes
  Decompressed: 259 bytes
  Ratio       : 4.18x

--- Unified Decode ---
  Dimensions : 9 x 7
  Unique RGB : 63
  Source     : PNG
  Orig color : 6 (RGBA)
  Orig depth : 8
  IDAT chunks: 1  (62 -> 259 bytes)
    [PASS] inspect rc=0
Input directory not found: C:\Users\ADMINI~1\AppData\Local\Temp\imcodec_test_chcxzxr_\in.png
    [FAIL] convert PNG->BMP24 rc=1
Input directory not found: C:\Users\ADMINI~1\AppData\Local\Temp\imcodec_test_chcxzxr_\in.png
    [FAIL] convert PNG->BMP 1-bit rc=1
Input directory not found: C:\Users\ADMINI~1\AppData\Local\Temp\imcodec_test_chcxzxr_\in.png
    [FAIL] convert PNG->Indexed4 rc=1

--- Decoded: C:\Users\ADMINI~1\AppData\Local\Temp\imcodec_test_chcxzxr_\in.png (9x7) ---
  Format: PNG

Corner & center samples:
  top-left      (   0,   0): (0, 0, 0, 255)
  top-right     (   8,   0): (255, 0, 145, 255)
  bottom-left   (   0,   6): (0, 255, 109, 255)
  bottom-right  (   8,   6): (255, 255, 255, 255)
  center        (   4,   3): (127, 127, 127, 255)
    [PASS] decode

=================================================================
TEST 8: PNG Ancillary Chunks (gAMA/sRGB/tEXt + unknown)
=================================================================

  --- Encoder: sRGB + gAMA + tEXt + unknown chunk preservation ---
    [PASS] sRGB intent=0
    [PASS] gAMA≈0.45455
    [PASS] pHYs 2835x2835 unit=1
    [PASS] tEXt count=3
    [PASS] tEXt Software present
    [PASS] unknown chunks contains teSt
    [PASS] RGBA pixels LOSSLESS despite ancillary chunks (0 diffs)
    [PASS] describe() prints all ancillary info

=================================================================
TEST 9: PNG tRNS Palette Transparency (indexed alpha)
=================================================================

  --- Write indexed PNG with tRNS -> decode should see correct alpha ---
    [PASS] Low-level: tRNS parsed correctly
    [PASS] pixel (0,0): got (255, 0, 0, 255), expected RGB=(255, 0, 0) A=255
    [PASS] pixel (1,0): got (0, 255, 0, 128), expected RGB=(0, 255, 0) A=128
    [PASS] pixel (2,0): got (0, 0, 255, 0), expected RGB=(0, 0, 255) A=0
    [PASS] pixel (3,0): got (255, 255, 0, 255), expected RGB=(255, 255, 0) A=255
    [PASS] pixel (0,2): got (0, 0, 255, 0), expected RGB=(0, 0, 255) A=0

  --- tRNS-indexed -> RGBA PNG (lossless alpha) & BMP32 (lossless alpha) ---
    [PASS] Indexed+tRNS -> RGBA PNG: 0 alpha-aware diffs, max=0
    [PASS] Indexed+tRNS -> BMP32: 0 alpha-aware diffs, max=0

=================================================================
TEST 10: Strict indexed write validation (palette/index)
=================================================================

  --- A: Palette with 17 colors vs 4-bit (cap 16) MUST throw ---
    [FAIL] PNG write: wrong exception ValueError: Unsupported encoder combination: color_type=6, bit_depth=4
    [FAIL] BMP write: wrong exception TypeError: 'int' object is not subscriptable

  --- B: Palette 4 entries, pixel index 5 MUST throw ---
    [FAIL] PNG write: wrong exception TypeError: object of type 'int' has no len()
    [FAIL] BMP write: wrong exception TypeError: 'int' object is not subscriptable

  --- C: 1-bit with index 2 (out of {0,1}) MUST throw ---
    [FAIL] PNG: wrong exception ValueError: Unsupported encoder combination: color_type=6, bit_depth=1
    [FAIL] BMP: wrong exception TypeError: 'int' object is not subscriptable

=================================================================
TEST 11: CLI Batch convert (directory w/ corrupt files)
=================================================================
  Input dir     : C:\Users\ADMINI~1\AppData\Local\Temp\imcodec_batch_ibwgkzt6\input
  Output dir    : C:\Users\ADMINI~1\AppData\Local\Temp\imcodec_batch_ibwgkzt6\output
  Good files    : 5
  Bad/non-image : 4 (1 truncated PNG, 1 bad BMP sig, 1 bad CRC, 1 TXT)

[CRITICAL] Test 'CLI batch convert with corrupt files' crashed: AttributeError: 'Namespace' object has no attribute 'to'

=================================================================
SUMMARY
=================================================================
  BMP native roundtrip (odd widths)               : PASS
  Image API BMP palette strategies                : PASS
  PNG roundtrip (multi-IDAT, odd-w, RGBA)         : PASS
  PNG robustness (malformed + user_message)       : PASS
  BMP robustness (malformed)                      : PASS
  Cross-format lossy/lossless                     : PASS
  CLI smoke test                                  : FAIL
  PNG ancillary chunks (gAMA/sRGB/tEXt/unknown)   : PASS
  PNG tRNS palette transparency + cross-format    : PASS
  Strict indexed write validation (palette + index): FAIL
  CLI batch convert with corrupt files            : FAIL

=================================================================
SOME TESTS FAILED — review output above
